Archive member included to satisfy reference by file (symbol)

/Applications/STM32CubeIDE.app/Contents/Eclipse/plugins/com.st.stm32cube.ide.mcu.externaltools.gnu-tools-for-stm32.10.3-2021.10.macos64_1.0.100.202210260954/tools/bin/../lib/gcc/arm-none-eabi/10.3.1/../../../../arm-none-eabi/lib/thumb/v7e-m+fp/hard/libc_nano.a(lib_a-errno.o)
                              ./Core/Src/syscalls.o (__errno)
/Applications/STM32CubeIDE.app/Contents/Eclipse/plugins/com.st.stm32cube.ide.mcu.externaltools.gnu-tools-for-stm32.10.3-2021.10.macos64_1.0.100.202210260954/tools/bin/../lib/gcc/arm-none-eabi/10.3.1/../../../../arm-none-eabi/lib/thumb/v7e-m+fp/hard/libc_nano.a(lib_a-exit.o)
                              /Applications/STM32CubeIDE.app/Contents/Eclipse/plugins/com.st.stm32cube.ide.mcu.externaltools.gnu-tools-for-stm32.10.3-2021.10.macos64_1.0.100.202210260954/tools/bin/../lib/gcc/arm-none-eabi/10.3.1/../../../../arm-none-eabi/lib/thumb/v7e-m+fp/hard/crt0.o (exit)
/Applications/STM32CubeIDE.app/Contents/Eclipse/plugins/com.st.stm32cube.ide.mcu.externaltools.gnu-tools-for-stm32.10.3-2021.10.macos64_1.0.100.202210260954/tools/bin/../lib/gcc/arm-none-eabi/10.3.1/../../../../arm-none-eabi/lib/thumb/v7e-m+fp/hard/libc_nano.a(lib_a-impure.o)
                              /Applications/STM32CubeIDE.app/Contents/Eclipse/plugins/com.st.stm32cube.ide.mcu.externaltools.gnu-tools-for-stm32.10.3-2021.10.macos64_1.0.100.202210260954/tools/bin/../lib/gcc/arm-none-eabi/10.3.1/../../../../arm-none-eabi/lib/thumb/v7e-m+fp/hard/libc_nano.a(lib_a-exit.o) (_global_impure_ptr)
/Applications/STM32CubeIDE.app/Contents/Eclipse/plugins/com.st.stm32cube.ide.mcu.externaltools.gnu-tools-for-stm32.10.3-2021.10.macos64_1.0.100.202210260954/tools/bin/../lib/gcc/arm-none-eabi/10.3.1/../../../../arm-none-eabi/lib/thumb/v7e-m+fp/hard/libc_nano.a(lib_a-init.o)
                              /Applications/STM32CubeIDE.app/Contents/Eclipse/plugins/com.st.stm32cube.ide.mcu.externaltools.gnu-tools-for-stm32.10.3-2021.10.macos64_1.0.100.202210260954/tools/bin/../lib/gcc/arm-none-eabi/10.3.1/../../../../arm-none-eabi/lib/thumb/v7e-m+fp/hard/crt0.o (__libc_init_array)
/Applications/STM32CubeIDE.app/Contents/Eclipse/plugins/com.st.stm32cube.ide.mcu.externaltools.gnu-tools-for-stm32.10.3-2021.10.macos64_1.0.100.202210260954/tools/bin/../lib/gcc/arm-none-eabi/10.3.1/../../../../arm-none-eabi/lib/thumb/v7e-m+fp/hard/libc_nano.a(lib_a-itoa.o)
                              ./Core/Src/lcd_i2c.o (itoa)
/Applications/STM32CubeIDE.app/Contents/Eclipse/plugins/com.st.stm32cube.ide.mcu.externaltools.gnu-tools-for-stm32.10.3-2021.10.macos64_1.0.100.202210260954/tools/bin/../lib/gcc/arm-none-eabi/10.3.1/../../../../arm-none-eabi/lib/thumb/v7e-m+fp/hard/libc_nano.a(lib_a-memset.o)
                              /Applications/STM32CubeIDE.app/Contents/Eclipse/plugins/com.st.stm32cube.ide.mcu.externaltools.gnu-tools-for-stm32.10.3-2021.10.macos64_1.0.100.202210260954/tools/bin/../lib/gcc/arm-none-eabi/10.3.1/../../../../arm-none-eabi/lib/thumb/v7e-m+fp/hard/crt0.o (memset)
/Applications/STM32CubeIDE.app/Contents/Eclipse/plugins/com.st.stm32cube.ide.mcu.externaltools.gnu-tools-for-stm32.10.3-2021.10.macos64_1.0.100.202210260954/tools/bin/../lib/gcc/arm-none-eabi/10.3.1/../../../../arm-none-eabi/lib/thumb/v7e-m+fp/hard/libc_nano.a(lib_a-utoa.o)
                              /Applications/STM32CubeIDE.app/Contents/Eclipse/plugins/com.st.stm32cube.ide.mcu.externaltools.gnu-tools-for-stm32.10.3-2021.10.macos64_1.0.100.202210260954/tools/bin/../lib/gcc/arm-none-eabi/10.3.1/../../../../arm-none-eabi/lib/thumb/v7e-m+fp/hard/libc_nano.a(lib_a-itoa.o) (__utoa)
/Applications/STM32CubeIDE.app/Contents/Eclipse/plugins/com.st.stm32cube.ide.mcu.externaltools.gnu-tools-for-stm32.10.3-2021.10.macos64_1.0.100.202210260954/tools/bin/../lib/gcc/arm-none-eabi/10.3.1/thumb/v7e-m+fp/hard/libgcc.a(_aeabi_uldivmod.o)
                              ./Drivers/STM32F4xx_HAL_Driver/Src/stm32f4xx_hal_rcc.o (__aeabi_uldivmod)
/Applications/STM32CubeIDE.app/Contents/Eclipse/plugins/com.st.stm32cube.ide.mcu.externaltools.gnu-tools-for-stm32.10.3-2021.10.macos64_1.0.100.202210260954/tools/bin/../lib/gcc/arm-none-eabi/10.3.1/thumb/v7e-m+fp/hard/libgcc.a(_udivmoddi4.o)
                              /Applications/STM32CubeIDE.app/Contents/Eclipse/plugins/com.st.stm32cube.ide.mcu.externaltools.gnu-tools-for-stm32.10.3-2021.10.macos64_1.0.100.202210260954/tools/bin/../lib/gcc/arm-none-eabi/10.3.1/thumb/v7e-m+fp/hard/libgcc.a(_aeabi_uldivmod.o) (__udivmoddi4)
/Applications/STM32CubeIDE.app/Contents/Eclipse/plugins/com.st.stm32cube.ide.mcu.externaltools.gnu-tools-for-stm32.10.3-2021.10.macos64_1.0.100.202210260954/tools/bin/../lib/gcc/arm-none-eabi/10.3.1/thumb/v7e-m+fp/hard/libgcc.a(_dvmd_tls.o)
[...]
Memory Configuration

Name             Origin             Length             Attributes
RAM              0x0000000020000000 0x0000000000018000 xrw
FLASH            0x0000000008000000 0x0000000000080000 xr
*default*        0x0000000000000000 0xffffffffffffffff

Linker script and memory map

LOAD /Applications/STM32CubeIDE.app/Contents/Eclipse/plugins/com.st.stm32cube.ide.mcu.externaltools.gnu-tools-for-stm32.10.3-2021.10.macos64_1.0.100.202210260954/tools/bin/../lib/gcc/arm-none-eabi/10.3.1/thumb/v7e-m+fp/hard/crti.o
LOAD /Applications/STM32CubeIDE.app/Contents/Eclipse/plugins/com.st.stm32cube.ide.mcu.externaltools.gnu-tools-for-stm32.10.3-2021.10.macos64_1.0.100.202210260954/tools/bin/../lib/gcc/arm-none-eabi/10.3.1/thumb/v7e-m+fp/hard/crtbegin.o
LOAD /Applications/STM32CubeIDE.app/Contents/Eclipse/plugins/com.st.stm32cube.ide.mcu.externaltools.gnu-tools-for-stm32.10.3-2021.10.macos64_1.0.100.202210260954/tools/bin/../lib/gcc/arm-none-eabi/10.3.1/../../../../arm-none-eabi/lib/thumb/v7e-m+fp/hard/crt0.o
LOAD ./Core/Src/controller.o
LOAD ./Core/Src/lcd_i2c.o
LOAD ./Core/Src/main.o
LOAD ./Core/Src/stm32f4xx_hal_msp.o
LOAD ./Core/Src/stm32f4xx_it.o
LOAD ./Core/Src/syscalls.o
LOAD ./Core/Src/sysmem.o
LOAD ./Core/Src/system_stm32f4xx.o
LOAD ./Core/Startup/startup_stm32f401retx.o
LOAD ./Drivers/STM32F4xx_HAL_Driver/Src/stm32f4xx_hal.o
LOAD ./Drivers/STM32F4xx_HAL_Driver/Src/stm32f4xx_hal_cortex.o
LOAD ./Drivers/STM32F4xx_HAL_Driver/Src/stm32f4xx_hal_dma.o
LOAD ./Drivers/STM32F4xx_HAL_Driver/Src/stm32f4xx_hal_dma_ex.o
LOAD ./Drivers/STM32F4xx_HAL_Driver/Src/stm32f4xx_hal_exti.o
LOAD ./Drivers/STM32F4xx_HAL_Driver/Src/stm32f4xx_hal_flash.o
LOAD ./Drivers/STM32F4xx_HAL_Driver/Src/stm32f4xx_hal_flash_ex.o
LOAD ./Drivers/STM32F4xx_HAL_Driver/Src/stm32f4xx_hal_flash_ramfunc.o
LOAD ./Drivers/STM32F4xx_HAL_Driver/Src/stm32f4xx_hal_gpio.o
LOAD ./Drivers/STM32F4xx_HAL_Driver/Src/stm32f4xx_hal_i2c.o
LOAD ./Drivers/STM32F4xx_HAL_Driver/Src/stm32f4xx_hal_i2c_ex.o
LOAD ./Drivers/STM32F4xx_HAL_Driver/Src/stm32f4xx_hal_pwr.o
LOAD ./Drivers/STM32F4xx_HAL_Driver/Src/stm32f4xx_hal_pwr_ex.o
LOAD ./Drivers/STM32F4xx_HAL_Driver/Src/stm32f4xx_hal_rcc.o
LOAD ./Drivers/STM32F4xx_HAL_Driver/Src/stm32f4xx_hal_rcc_ex.o
LOAD ./Drivers/STM32F4xx_HAL_Driver/Src/stm32f4xx_hal_spi.o
LOAD ./Drivers/STM32F4xx_HAL_Driver/Src/stm32f4xx_hal_tim.o
LOAD ./Drivers/STM32F4xx_HAL_Driver/Src/stm32f4xx_hal_tim_ex.o
START GROUP
LOAD /Applications/STM32CubeIDE.app/Contents/Eclipse/plugins/com.st.stm32cube.ide.mcu.externaltools.gnu-tools-for-stm32.10.3-2021.10.macos64_1.0.100.202210260954/tools/bin/../lib/gcc/arm-none-eabi/10.3.1/../../../../arm-none-eabi/lib/thumb/v7e-m+fp/hard/libc_nano.a
LOAD /Applications/STM32CubeIDE.app/Contents/Eclipse/plugins/com.st.stm32cube.ide.mcu.externaltools.gnu-tools-for-stm32.10.3-2021.10.macos64_1.0.100.202210260954/tools/bin/../lib/gcc/arm-none-eabi/10.3.1/../../../../arm-none-eabi/lib/thumb/v7e-m+fp/hard/libm.a
END GROUP
START GROUP
LOAD /Applications/STM32CubeIDE.app/Contents/Eclipse/plugins/com.st.stm32cube.ide.mcu.externaltools.gnu-tools-for-stm32.10.3-2021.10.macos64_1.0.100.202210260954/tools/bin/../lib/gcc/arm-none-eabi/10.3.1/thumb/v7e-m+fp/hard/libgcc.a
LOAD /Applications/STM32CubeIDE.app/Contents/Eclipse/plugins/com.st.stm32cube.ide.mcu.externaltools.gnu-tools-for-stm32.10.3-2021.10.macos64_1.0.100.202210260954/tools/bin/../lib/gcc/arm-none-eabi/10.3.1/../../../../arm-none-eabi/lib/thumb/v7e-m+fp/hard/libc_nano.a
END GROUP
START GROUP
LOAD /Applications/STM32CubeIDE.app/Contents/Eclipse/plugins/com.st.stm32cube.ide.mcu.externaltools.gnu-tools-for-stm32.10.3-2021.10.macos64_1.0.100.202210260954/tools/bin/../lib/gcc/arm-none-eabi/10.3.1/thumb/v7e-m+fp/hard/libgcc.a
LOAD /Applications/STM32CubeIDE.app/Contents/Eclipse/plugins/com.st.stm32cube.ide.mcu.externaltools.gnu-tools-for-stm32.10.3-2021.10.macos64_1.0.100.202210260954/tools/bin/../lib/gcc/arm-none-eabi/10.3.1/../../../../arm-none-eabi/lib/thumb/v7e-m+fp/hard/libc_nano.a
LOAD /Applications/STM32CubeIDE.app/Contents/Eclipse/plugins/com.st.stm32cube.ide.mcu.externaltools.gnu-tools-for-stm32.10.3-2021.10.macos64_1.0.100.202210260954/tools/bin/../lib/gcc/arm-none-eabi/10.3.1/../../../../arm-none-eabi/lib/thumb/v7e-m+fp/hard/libnosys.a
END GROUP
START GROUP
LOAD /Applications/STM32CubeIDE.app/Contents/Eclipse/plugins/com.st.stm32cube.ide.mcu.externaltools.gnu-tools-for-stm32.10.3-2021.10.macos64_1.0.100.202210260954/tools/bin/../lib/gcc/arm-none-eabi/10.3.1/thumb/v7e-m+fp/hard/libgcc.a
LOAD /Applications/STM32CubeIDE.app/Contents/Eclipse/plugins/com.st.stm32cube.ide.mcu.externaltools.gnu-tools-for-stm32.10.3-2021.10.macos64_1.0.100.202210260954/tools/bin/../lib/gcc/arm-none-eabi/10.3.1/../../../../arm-none-eabi/lib/thumb/v7e-m+fp/hard/libc_nano.a
LOAD /Applications/STM32CubeIDE.app/Contents/Eclipse/plugins/com.st.stm32cube.ide.mcu.externaltools.gnu-tools-for-stm32.10.3-2021.10.macos64_1.0.100.202210260954/tools/bin/../lib/gcc/arm-none-eabi/10.3.1/../../../../arm-none-eabi/lib/thumb/v7e-m+fp/hard/libnosys.a
END GROUP
LOAD /Applications/STM32CubeIDE.app/Contents/Eclipse/plugins/com.st.stm32cube.ide.mcu.externaltools.gnu-tools-for-stm32.10.3-2021.10.macos64_1.0.100.202210260954/tools/bin/../lib/gcc/arm-none-eabi/10.3.1/thumb/v7e-m+fp/hard/crtend.o
LOAD /Applications/STM32CubeIDE.app/Contents/Eclipse/plugins/com.st.stm32cube.ide.mcu.externaltools.gnu-tools-for-stm32.10.3-2021.10.macos64_1.0.100.202210260954/tools/bin/../lib/gcc/arm-none-eabi/10.3.1/thumb/v7e-m+fp/hard/crtn.o
                0x0000000020018000                _estack = (ORIGIN (RAM) + LENGTH (RAM))
                0x0000000000000200                _Min_Heap_Size = 0x200
                0x0000000000000400                _Min_Stack_Size = 0x400

.isr_vector     0x0000000008000000      0x194
                0x0000000008000000                . = ALIGN (0x4)
 *(.isr_vector)
 .isr_vector    0x0000000008000000      0x194 ./Core/Startup/startup_stm32f401retx.o
                0x0000000008000000                g_pfnVectors
                0x0000000008000194                . = ALIGN (0x4)

.text           0x0000000008000194     0x3d24
                0x0000000008000194                . = ALIGN (0x4)
 *(.text)
 .text          0x0000000008000194       0x40 /Applications/STM32CubeIDE.app/Contents/Eclipse/plugins/com.st.stm32cube.ide.mcu.externaltools.gnu-tools-for-stm32.10.3-2021.10.macos64_1.0.100.202210260954/tools/bin/../lib/gcc/arm-none-eabi/10.3.1/thumb/v7e-m+fp/hard/crtbegin.o
 .text          0x00000000080001d4       0x30 /Applications/STM32CubeIDE.app/Contents/Eclipse/plugins/com.st.stm32cube.ide.mcu.externaltools.gnu-tools-for-stm32.10.3-2021.10.macos64_1.0.100.202210260954/tools/bin/../lib/gcc/arm-none-eabi/10.3.1/thumb/v7e-m+fp/hard/libgcc.a(_aeabi_uldivmod.o)
                0x00000000080001d4                __aeabi_uldivmod
 .text          0x0000000008000204      0x2d0 /Applications/STM32CubeIDE.app/Contents/Eclipse/plugins/com.st.stm32cube.ide.mcu.externaltools.gnu-tools-for-stm32.10.3-2021.10.macos64_1.0.100.202210260954/tools/bin/../lib/gcc/arm-none-eabi/10.3.1/thumb/v7e-m+fp/hard/libgcc.a(_udivmoddi4.o)
                0x0000000008000204                __udivmoddi4
 .text          0x00000000080004d4        0x4 /Applications/STM32CubeIDE.app/Contents/Eclipse/plugins/com.st.stm32cube.ide.mcu.externaltools.gnu-tools-for-stm32.10.3-2021.10.macos64_1.0.100.202210260954/tools/bin/../lib/gcc/arm-none-eabi/10.3.1/thumb/v7e-m+fp/hard/libgcc.a(_dvmd_tls.o)
                0x00000000080004d4                __aeabi_ldiv0
                0x00000000080004d4                __aeabi_idiv0
 *(.text*)
 .text.controllerCreate
                0x00000000080004d8       0x38 ./Core/Src/controller.o
                0x00000000080004d8                controllerCreate
 .text.manualStateCreate
                0x0000000008000510       0x2e ./Core/Src/controller.o
                0x0000000008000510                manualStateCreate
 *fill*         0x000000000800053e        0x2 
 .text.initController
                0x0000000008000540      0x134 ./Core/Src/controller.o
                0x0000000008000540                initController
 .text.controllerRead
                0x0000000008000674      0x298 ./Core/Src/controller.o
                0x0000000008000674                controllerRead
 .text.HD44780_Init
                0x000000000800090c      0x108 ./Core/Src/lcd_i2c.o
                0x000000000800090c                HD44780_Init
 .text.HD44780_Clear
                0x0000000008000a14       0x16 ./Core/Src/lcd_i2c.o
                0x0000000008000a14                HD44780_Clear
 .text.HD44780_Home
                0x0000000008000a2a       0x16 ./Core/Src/lcd_i2c.o
                0x0000000008000a2a                HD44780_Home
 .text.HD44780_SetCursor
                0x0000000008000a40       0x64 ./Core/Src/lcd_i2c.o
                0x0000000008000a40                HD44780_SetCursor
 .text.HD44780_Display
                0x0000000008000aa4       0x2c ./Core/Src/lcd_i2c.o
                0x0000000008000aa4                HD44780_Display
 .text.HD44780_CreateSpecialChar
                0x0000000008000ad0       0x52 ./Core/Src/lcd_i2c.o
                0x0000000008000ad0                HD44780_CreateSpecialChar
 .text.HD44780_PrintSpecialChar
                0x0000000008000b22       0x1a ./Core/Src/lcd_i2c.o
                0x0000000008000b22                HD44780_PrintSpecialChar
 .text.HD44780_PrintStr
                0x0000000008000b3c       0x2a ./Core/Src/lcd_i2c.o
                0x0000000008000b3c                HD44780_PrintStr
 .text.HD44780_SetBacklight
                0x0000000008000b66       0x22 ./Core/Src/lcd_i2c.o
                0x0000000008000b66                HD44780_SetBacklight
 .text.HD44780_NoBacklight
                0x0000000008000b88       0x18 ./Core/Src/lcd_i2c.o
                0x0000000008000b88                HD44780_NoBacklight
 .text.HD44780_Backlight
                0x0000000008000ba0       0x18 ./Core/Src/lcd_i2c.o
                0x0000000008000ba0                HD44780_Backlight
 .text.SendCommand
                0x0000000008000bb8       0x1c ./Core/Src/lcd_i2c.o
 .text.SendChar
                0x0000000008000bd4       0x1c ./Core/Src/lcd_i2c.o
 .text.Send     0x0000000008000bf0       0x42 ./Core/Src/lcd_i2c.o
 .text.Write4Bits
                0x0000000008000c32       0x22 ./Core/Src/lcd_i2c.o
 .text.ExpanderWrite
                0x0000000008000c54       0x38 ./Core/Src/lcd_i2c.o
 .text.PulseEnable
                0x0000000008000c8c       0x3a ./Core/Src/lcd_i2c.o
 *fill*         0x0000000008000cc6        0x2 
 .text.DelayInit
                0x0000000008000cc8       0x54 ./Core/Src/lcd_i2c.o
 .text.DelayUS  0x0000000008000d1c       0x50 ./Core/Src/lcd_i2c.o
 .text.lcd_display
                0x0000000008000d6c      0x130 ./Core/Src/lcd_i2c.o
                0x0000000008000d6c                lcd_display
 .text.lcd_init
                0x0000000008000e9c       0x18 ./Core/Src/lcd_i2c.o
                0x0000000008000e9c                lcd_init
 .text.main     0x0000000008000eb4       0xec ./Core/Src/main.o
                0x0000000008000eb4                main
 .text.SystemClock_Config
                0x0000000008000fa0       0xd8 ./Core/Src/main.o
                0x0000000008000fa0                SystemClock_Config
 .text.MX_I2C1_Init
                0x0000000008001078       0x5c ./Core/Src/main.o
 .text.MX_SPI2_Init
                0x00000000080010d4       0x6c ./Core/Src/main.o
 .text.MX_TIM3_Init
                0x0000000008001140       0xb4 ./Core/Src/main.o
 .text.MX_GPIO_Init
                0x00000000080011f4      0x128 ./Core/Src/main.o
 .text.LockingServo
                0x000000000800131c       0x20 ./Core/Src/main.o
 .text.Rotate   0x000000000800133c       0x3c ./Core/Src/main.o
 .text.LauncherMotors
                0x0000000008001378       0x24 ./Core/Src/main.o
 .text.Error_Handler
                0x000000000800139c        0xa ./Core/Src/main.o
                0x000000000800139c                Error_Handler
 *fill*         0x00000000080013a6        0x2 
 .text.HAL_MspInit
                0x00000000080013a8       0x50 ./Core/Src/stm32f4xx_hal_msp.o
                0x00000000080013a8                HAL_MspInit
 .text.HAL_I2C_MspInit
                0x00000000080013f8       0x90 ./Core/Src/stm32f4xx_hal_msp.o
                0x00000000080013f8                HAL_I2C_MspInit
 .text.HAL_SPI_MspInit
                0x0000000008001488       0xd0 ./Core/Src/stm32f4xx_hal_msp.o
                0x0000000008001488                HAL_SPI_MspInit
 .text.HAL_TIM_PWM_MspInit
                0x0000000008001558       0x44 ./Core/Src/stm32f4xx_hal_msp.o
                0x0000000008001558                HAL_TIM_PWM_MspInit
 .text.HAL_TIM_MspPostInit
                0x000000000800159c       0x74 ./Core/Src/stm32f4xx_hal_msp.o
                0x000000000800159c                HAL_TIM_MspPostInit
 .text.NMI_Handler
                0x0000000008001610        0x6 ./Core/Src/stm32f4xx_it.o
                0x0000000008001610                NMI_Handler
 .text.HardFault_Handler
                0x0000000008001616        0x6 ./Core/Src/stm32f4xx_it.o
                0x0000000008001616                HardFault_Handler
 .text.MemManage_Handler
                0x000000000800161c        0x6 ./Core/Src/stm32f4xx_it.o
                0x000000000800161c                MemManage_Handler
 .text.BusFault_Handler
                0x0000000008001622        0x6 ./Core/Src/stm32f4xx_it.o
                0x0000000008001622                BusFault_Handler
 .text.UsageFault_Handler
                0x0000000008001628        0x6 ./Core/Src/stm32f4xx_it.o
                0x0000000008001628                UsageFault_Handler
 .text.SVC_Handler
                0x000000000800162e        0xe ./Core/Src/stm32f4xx_it.o
                0x000000000800162e                SVC_Handler
 .text.DebugMon_Handler
                0x000000000800163c        0xe ./Core/Src/stm32f4xx_it.o
                0x000000000800163c                DebugMon_Handler
 .text.PendSV_Handler
                0x000000000800164a        0xe ./Core/Src/stm32f4xx_it.o
                0x000000000800164a                PendSV_Handler
 .text.SysTick_Handler
                0x0000000008001658        0xc ./Core/Src/stm32f4xx_it.o
                0x0000000008001658                SysTick_Handler
 .text.SystemInit
                0x0000000008001664       0x24 ./Core/Src/system_stm32f4xx.o
                0x0000000008001664                SystemInit
 .text.Reset_Handler
                0x0000000008001688       0x50 ./Core/Startup/startup_stm32f401retx.o
                0x0000000008001688                Reset_Handler
 .text.Default_Handler
                0x00000000080016d8        0x2 ./Core/Startup/startup_stm32f401retx.o
                0x00000000080016d8                DMA1_Stream3_IRQHandler
                0x00000000080016d8                EXTI2_IRQHandler
                0x00000000080016d8                SPI4_IRQHandler
                0x00000000080016d8                TIM1_CC_IRQHandler
                0x00000000080016d8                DMA2_Stream5_IRQHandler
                0x00000000080016d8                DMA1_Stream5_IRQHandler
                0x00000000080016d8                PVD_IRQHandler
                0x00000000080016d8                SDIO_IRQHandler
                0x00000000080016d8                TAMP_STAMP_IRQHandler
                0x00000000080016d8                EXTI3_IRQHandler
                0x00000000080016d8                TIM1_UP_TIM10_IRQHandler
                0x00000000080016d8                I2C3_ER_IRQHandler
                0x00000000080016d8                EXTI0_IRQHandler
                0x00000000080016d8                I2C2_EV_IRQHandler
                0x00000000080016d8                DMA1_Stream2_IRQHandler
                0x00000000080016d8                FPU_IRQHandler
                0x00000000080016d8                DMA2_Stream2_IRQHandler
                0x00000000080016d8                SPI1_IRQHandler
                0x00000000080016d8                TIM1_BRK_TIM9_IRQHandler
                0x00000000080016d8                DMA2_Stream3_IRQHandler
                0x00000000080016d8                USART6_IRQHandler
                0x00000000080016d8                DMA2_Stream0_IRQHandler
                0x00000000080016d8                TIM4_IRQHandler
                0x00000000080016d8                I2C1_EV_IRQHandler
                0x00000000080016d8                DMA1_Stream6_IRQHandler
                0x00000000080016d8                DMA1_Stream1_IRQHandler
                0x00000000080016d8                TIM3_IRQHandler
                0x00000000080016d8                RCC_IRQHandler
                0x00000000080016d8                Default_Handler
                0x00000000080016d8                EXTI15_10_IRQHandler
                0x00000000080016d8                ADC_IRQHandler
                0x00000000080016d8                DMA1_Stream7_IRQHandler
                0x00000000080016d8                TIM5_IRQHandler
                0x00000000080016d8                DMA2_Stream7_IRQHandler
                0x00000000080016d8                I2C3_EV_IRQHandler
                0x00000000080016d8                EXTI9_5_IRQHandler
                0x00000000080016d8                RTC_WKUP_IRQHandler
                0x00000000080016d8                SPI2_IRQHandler
                0x00000000080016d8                DMA1_Stream0_IRQHandler
                0x00000000080016d8                EXTI4_IRQHandler
                0x00000000080016d8                WWDG_IRQHandler
                0x00000000080016d8                TIM2_IRQHandler
                0x00000000080016d8                OTG_FS_WKUP_IRQHandler
                0x00000000080016d8                TIM1_TRG_COM_TIM11_IRQHandler
                0x00000000080016d8                EXTI1_IRQHandler
                0x00000000080016d8                USART2_IRQHandler
                0x00000000080016d8                I2C2_ER_IRQHandler
                0x00000000080016d8                DMA2_Stream1_IRQHandler
                0x00000000080016d8                FLASH_IRQHandler
                0x00000000080016d8                DMA2_Stream4_IRQHandler
                0x00000000080016d8                USART1_IRQHandler
                0x00000000080016d8                OTG_FS_IRQHandler
                0x00000000080016d8                SPI3_IRQHandler
                0x00000000080016d8                DMA1_Stream4_IRQHandler
                0x00000000080016d8                I2C1_ER_IRQHandler
                0x00000000080016d8                DMA2_Stream6_IRQHandler
                0x00000000080016d8                RTC_Alarm_IRQHandler
 *fill*         0x00000000080016da        0x2 
 .text.HAL_Init
                0x00000000080016dc       0x44 ./Drivers/STM32F4xx_HAL_Driver/Src/stm32f4xx_hal.o
                0x00000000080016dc                HAL_Init
 .text.HAL_InitTick
                0x0000000008001720       0x60 ./Drivers/STM32F4xx_HAL_Driver/Src/stm32f4xx_hal.o
                0x0000000008001720                HAL_InitTick
 .text.HAL_IncTick
                0x0000000008001780       0x28 ./Drivers/STM32F4xx_HAL_Driver/Src/stm32f4xx_hal.o
                0x0000000008001780                HAL_IncTick
 .text.HAL_GetTick
                0x00000000080017a8       0x18 ./Drivers/STM32F4xx_HAL_Driver/Src/stm32f4xx_hal.o
                0x00000000080017a8                HAL_GetTick
 .text.HAL_Delay
                0x00000000080017c0       0x48 ./Drivers/STM32F4xx_HAL_Driver/Src/stm32f4xx_hal.o
                0x00000000080017c0                HAL_Delay
 .text.__NVIC_SetPriorityGrouping
                0x0000000008001808       0x48 ./Drivers/STM32F4xx_HAL_Driver/Src/stm32f4xx_hal_cortex.o
 .text.__NVIC_GetPriorityGrouping
                0x0000000008001850       0x1c ./Drivers/STM32F4xx_HAL_Driver/Src/stm32f4xx_hal_cortex.o
 .text.__NVIC_SetPriority
                0x000000000800186c       0x54 ./Drivers/STM32F4xx_HAL_Driver/Src/stm32f4xx_hal_cortex.o
 .text.NVIC_EncodePriority
                0x00000000080018c0       0x66 ./Drivers/STM32F4xx_HAL_Driver/Src/stm32f4xx_hal_cortex.o
 *fill*         0x0000000008001926        0x2 
 .text.SysTick_Config
                0x0000000008001928       0x44 ./Drivers/STM32F4xx_HAL_Driver/Src/stm32f4xx_hal_cortex.o
 .text.HAL_NVIC_SetPriorityGrouping
                0x000000000800196c       0x16 ./Drivers/STM32F4xx_HAL_Driver/Src/stm32f4xx_hal_cortex.o
                0x000000000800196c                HAL_NVIC_SetPriorityGrouping
 .text.HAL_NVIC_SetPriority
                0x0000000008001982       0x38 ./Drivers/STM32F4xx_HAL_Driver/Src/stm32f4xx_hal_cortex.o
                0x0000000008001982                HAL_NVIC_SetPriority
 .text.HAL_SYSTICK_Config
                0x00000000080019ba       0x18 ./Drivers/STM32F4xx_HAL_Driver/Src/stm32f4xx_hal_cortex.o
                0x00000000080019ba                HAL_SYSTICK_Config
 *fill*         0x00000000080019d2        0x2 
 .text.HAL_GPIO_Init
                0x00000000080019d4      0x308 ./Drivers/STM32F4xx_HAL_Driver/Src/stm32f4xx_hal_gpio.o
                0x00000000080019d4                HAL_GPIO_Init
 .text.HAL_GPIO_ReadPin
                0x0000000008001cdc       0x30 ./Drivers/STM32F4xx_HAL_Driver/Src/stm32f4xx_hal_gpio.o
                0x0000000008001cdc                HAL_GPIO_ReadPin
 .text.HAL_GPIO_WritePin
                0x0000000008001d0c       0x32 ./Drivers/STM32F4xx_HAL_Driver/Src/stm32f4xx_hal_gpio.o
                0x0000000008001d0c                HAL_GPIO_WritePin
 *fill*         0x0000000008001d3e        0x2 
 .text.HAL_I2C_Init
                0x0000000008001d40      0x288 ./Drivers/STM32F4xx_HAL_Driver/Src/stm32f4xx_hal_i2c.o
                0x0000000008001d40                HAL_I2C_Init
 .text.HAL_I2C_Master_Transmit
                0x0000000008001fc8      0x1fc ./Drivers/STM32F4xx_HAL_Driver/Src/stm32f4xx_hal_i2c.o
                0x0000000008001fc8                HAL_I2C_Master_Transmit
 .text.I2C_MasterRequestWrite
                0x00000000080021c4      0x104 ./Drivers/STM32F4xx_HAL_Driver/Src/stm32f4xx_hal_i2c.o
 .text.I2C_WaitOnFlagUntilTimeout
                0x00000000080022c8       0xae ./Drivers/STM32F4xx_HAL_Driver/Src/stm32f4xx_hal_i2c.o
 .text.I2C_WaitOnMasterAddressFlagUntilTimeout
                0x0000000008002376       0xfe ./Drivers/STM32F4xx_HAL_Driver/Src/stm32f4xx_hal_i2c.o
 .text.I2C_WaitOnTXEFlagUntilTimeout
                0x0000000008002474       0x82 ./Drivers/STM32F4xx_HAL_Driver/Src/stm32f4xx_hal_i2c.o
 .text.I2C_WaitOnBTFFlagUntilTimeout
                0x00000000080024f6       0x82 ./Drivers/STM32F4xx_HAL_Driver/Src/stm32f4xx_hal_i2c.o
 .text.I2C_IsAcknowledgeFailed
                0x0000000008002578       0x5e ./Drivers/STM32F4xx_HAL_Driver/Src/stm32f4xx_hal_i2c.o
 *fill*         0x00000000080025d6        0x2 
 .text.HAL_RCC_OscConfig
                0x00000000080025d8      0x4f0 ./Drivers/STM32F4xx_HAL_Driver/Src/stm32f4xx_hal_rcc.o
                0x00000000080025d8                HAL_RCC_OscConfig
 .text.HAL_RCC_ClockConfig
                0x0000000008002ac8      0x1cc ./Drivers/STM32F4xx_HAL_Driver/Src/stm32f4xx_hal_rcc.o
                0x0000000008002ac8                HAL_RCC_ClockConfig
 .text.HAL_RCC_GetSysClockFreq
                0x0000000008002c94      0x20c ./Drivers/STM32F4xx_HAL_Driver/Src/stm32f4xx_hal_rcc.o
                0x0000000008002c94                HAL_RCC_GetSysClockFreq
 .text.HAL_RCC_GetHCLKFreq
                0x0000000008002ea0       0x18 ./Drivers/STM32F4xx_HAL_Driver/Src/stm32f4xx_hal_rcc.o
                0x0000000008002ea0                HAL_RCC_GetHCLKFreq
 .text.HAL_RCC_GetPCLK1Freq
                0x0000000008002eb8       0x28 ./Drivers/STM32F4xx_HAL_Driver/Src/stm32f4xx_hal_rcc.o
                0x0000000008002eb8                HAL_RCC_GetPCLK1Freq
 .text.HAL_SPI_Init
                0x0000000008002ee0      0x112 ./Drivers/STM32F4xx_HAL_Driver/Src/stm32f4xx_hal_spi.o
                0x0000000008002ee0                HAL_SPI_Init
 .text.HAL_SPI_TransmitReceive
                0x0000000008002ff2      0x344 ./Drivers/STM32F4xx_HAL_Driver/Src/stm32f4xx_hal_spi.o
                0x0000000008002ff2                HAL_SPI_TransmitReceive
 *fill*         0x0000000008003336        0x2 
 .text.SPI_WaitFlagStateUntilTimeout
                0x0000000008003338      0x110 ./Drivers/STM32F4xx_HAL_Driver/Src/stm32f4xx_hal_spi.o
 .text.SPI_EndRxTxTransaction
                0x0000000008003448       0x84 ./Drivers/STM32F4xx_HAL_Driver/Src/stm32f4xx_hal_spi.o
 .text.HAL_TIM_PWM_Init
                0x00000000080034cc       0x9e ./Drivers/STM32F4xx_HAL_Driver/Src/stm32f4xx_hal_tim.o
                0x00000000080034cc                HAL_TIM_PWM_Init
 *fill*         0x000000000800356a        0x2 
 .text.HAL_TIM_PWM_Start
                0x000000000800356c      0x160 ./Drivers/STM32F4xx_HAL_Driver/Src/stm32f4xx_hal_tim.o
                0x000000000800356c                HAL_TIM_PWM_Start
 .text.HAL_TIM_PWM_ConfigChannel
                0x00000000080036cc      0x184 ./Drivers/STM32F4xx_HAL_Driver/Src/stm32f4xx_hal_tim.o
                0x00000000080036cc                HAL_TIM_PWM_ConfigChannel
 .text.TIM_Base_SetConfig
                0x0000000008003850      0x100 ./Drivers/STM32F4xx_HAL_Driver/Src/stm32f4xx_hal_tim.o
                0x0000000008003850                TIM_Base_SetConfig
 .text.TIM_OC1_SetConfig
                0x0000000008003950       0xcc ./Drivers/STM32F4xx_HAL_Driver/Src/stm32f4xx_hal_tim.o
 .text.TIM_OC2_SetConfig
                0x0000000008003a1c       0xd8 ./Drivers/STM32F4xx_HAL_Driver/Src/stm32f4xx_hal_tim.o
                0x0000000008003a1c                TIM_OC2_SetConfig
 .text.TIM_OC3_SetConfig
                0x0000000008003af4       0xd4 ./Drivers/STM32F4xx_HAL_Driver/Src/stm32f4xx_hal_tim.o
 .text.TIM_OC4_SetConfig
                0x0000000008003bc8       0xa0 ./Drivers/STM32F4xx_HAL_Driver/Src/stm32f4xx_hal_tim.o
 .text.TIM_CCxChannelCmd
                0x0000000008003c68       0x4a ./Drivers/STM32F4xx_HAL_Driver/Src/stm32f4xx_hal_tim.o
                0x0000000008003c68                TIM_CCxChannelCmd
 *fill*         0x0000000008003cb2        0x2 
 .text.HAL_TIMEx_MasterConfigSynchronization
                0x0000000008003cb4       0xdc ./Drivers/STM32F4xx_HAL_Driver/Src/stm32f4xx_hal_tim_ex.o
                0x0000000008003cb4                HAL_TIMEx_MasterConfigSynchronization
 .text.__libc_init_array
                0x0000000008003d90       0x48 /Applications/STM32CubeIDE.app/Contents/Eclipse/plugins/com.st.stm32cube.ide.mcu.externaltools.gnu-tools-for-stm32.10.3-2021.10.macos64_1.0.100.202210260954/tools/bin/../lib/gcc/arm-none-eabi/10.3.1/../../../../arm-none-eabi/lib/thumb/v7e-m+fp/hard/libc_nano.a(lib_a-init.o)
                0x0000000008003d90                __libc_init_array
 .text.__itoa   0x0000000008003dd8       0x30 /Applications/STM32CubeIDE.app/Contents/Eclipse/plugins/com.st.stm32cube.ide.mcu.externaltools.gnu-tools-for-stm32.10.3-2021.10.macos64_1.0.100.202210260954/tools/bin/../lib/gcc/arm-none-eabi/10.3.1/../../../../arm-none-eabi/lib/thumb/v7e-m+fp/hard/libc_nano.a(lib_a-itoa.o)
                0x0000000008003dd8                __itoa
 .text.itoa     0x0000000008003e08        0x4 /Applications/STM32CubeIDE.app/Contents/Eclipse/plugins/com.st.stm32cube.ide.mcu.externaltools.gnu-tools-for-stm32.10.3-2021.10.macos64_1.0.100.202210260954/tools/bin/../lib/gcc/arm-none-eabi/10.3.1/../../../../arm-none-eabi/lib/thumb/v7e-m+fp/hard/libc_nano.a(lib_a-itoa.o)
                0x0000000008003e08                itoa
 .text.memset   0x0000000008003e0c       0x10 /Applications/STM32CubeIDE.app/Contents/Eclipse/plugins/com.st.stm32cube.ide.mcu.externaltools.gnu-tools-for-stm32.10.3-2021.10.macos64_1.0.100.202210260954/tools/bin/../lib/gcc/arm-none-eabi/10.3.1/../../../../arm-none-eabi/lib/thumb/v7e-m+fp/hard/libc_nano.a(lib_a-memset.o)
                0x0000000008003e0c                memset
 .text.__utoa   0x0000000008003e1c       0x84 /Applications/STM32CubeIDE.app/Contents/Eclipse/plugins/com.st.stm32cube.ide.mcu.externaltools.gnu-tools-for-stm32.10.3-2021.10.macos64_1.0.100.202210260954/tools/bin/../lib/gcc/arm-none-eabi/10.3.1/../../../../arm-none-eabi/lib/thumb/v7e-m+fp/hard/libc_nano.a(lib_a-utoa.o)
                0x0000000008003e1c                __utoa
 *(.glue_7)
 .glue_7        0x0000000008003ea0        0x0 linker stubs
 *(.glue_7t)
 .glue_7t       0x0000000008003ea0        0x0 linker stubs
 *(.eh_frame)
 .eh_frame      0x0000000008003ea0        0x0 /Applications/STM32CubeIDE.app/Contents/Eclipse/plugins/com.st.stm32cube.ide.mcu.externaltools.gnu-tools-for-stm32.10.3-2021.10.macos64_1.0.100.202210260954/tools/bin/../lib/gcc/arm-none-eabi/10.3.1/thumb/v7e-m+fp/hard/crtbegin.o
 *(.init)
 .init          0x0000000008003ea0        0x4 /Applications/STM32CubeIDE.app/Contents/Eclipse/plugins/com.st.stm32cube.ide.mcu.externaltools.gnu-tools-for-stm32.10.3-2021.10.macos64_1.0.100.202210260954/tools/bin/../lib/gcc/arm-none-eabi/10.3.1/thumb/v7e-m+fp/hard/crti.o
                0x0000000008003ea0                _init
 .init          0x0000000008003ea4        0x8 /Applications/STM32CubeIDE.app/Contents/Eclipse/plugins/com.st.stm32cube.ide.mcu.externaltools.gnu-tools-for-stm32.10.3-2021.10.macos64_1.0.100.202210260954/tools/bin/../lib/gcc/arm-none-eabi/10.3.1/thumb/v7e-m+fp/hard/crtn.o
 *(.fini)
 .fini          0x0000000008003eac        0x4 /Applications/STM32CubeIDE.app/Contents/Eclipse/plugins/com.st.stm32cube.ide.mcu.externaltools.gnu-tools-for-stm32.10.3-2021.10.macos64_1.0.100.202210260954/tools/bin/../lib/gcc/arm-none-eabi/10.3.1/thumb/v7e-m+fp/hard/crti.o
                0x0000000008003eac                _fini
 .fini          0x0000000008003eb0        0x8 /Applications/STM32CubeIDE.app/Contents/Eclipse/plugins/com.st.stm32cube.ide.mcu.externaltools.gnu-tools-for-stm32.10.3-2021.10.macos64_1.0.100.202210260954/tools/bin/../lib/gcc/arm-none-eabi/10.3.1/thumb/v7e-m+fp/hard/crtn.o
                0x0000000008003eb8                . = ALIGN (0x4)
                0x0000000008003eb8                _etext = .

.vfp11_veneer   0x0000000008003eb8        0x0
 .vfp11_veneer  0x0000000008003eb8        0x0 linker stubs

.v4_bx          0x0000000008003eb8        0x0
 .v4_bx         0x0000000008003eb8        0x0 linker stubs

.iplt           0x0000000008003eb8        0x0
 .iplt          0x0000000008003eb8        0x0 /Applications/STM32CubeIDE.app/Contents/Eclipse/plugins/com.st.stm32cube.ide.mcu.externaltools.gnu-tools-for-stm32.10.3-2021.10.macos64_1.0.100.202210260954/tools/bin/../lib/gcc/arm-none-eabi/10.3.1/thumb/v7e-m+fp/hard/crtbegin.o

.rodata         0x0000000008003eb8       0xfc
                0x0000000008003eb8                . = ALIGN (0x4)
 *(.rodata)
 .rodata        0x0000000008003eb8       0x39 ./Core/Src/controller.o
 *fill*         0x0000000008003ef1        0x3 
 .rodata        0x0000000008003ef4       0x80 ./Core/Src/lcd_i2c.o
 *(.rodata*)
 .rodata.AHBPrescTable
                0x0000000008003f74       0x10 ./Core/Src/system_stm32f4xx.o
                0x0000000008003f74                AHBPrescTable
 .rodata.APBPrescTable
                0x0000000008003f84        0x8 ./Core/Src/system_stm32f4xx.o
                0x0000000008003f84                APBPrescTable
 .rodata.__utoa.str1.1
                0x0000000008003f8c       0x25 /Applications/STM32CubeIDE.app/Contents/Eclipse/plugins/com.st.stm32cube.ide.mcu.externaltools.gnu-tools-for-stm32.10.3-2021.10.macos64_1.0.100.202210260954/tools/bin/../lib/gcc/arm-none-eabi/10.3.1/../../../../arm-none-eabi/lib/thumb/v7e-m+fp/hard/libc_nano.a(lib_a-utoa.o)
                0x0000000008003fb4                . = ALIGN (0x4)
 *fill*         0x0000000008003fb1        0x3 

.ARM.extab      0x0000000008003fb4        0x0
                0x0000000008003fb4                . = ALIGN (0x4)
 *(.ARM.extab* .gnu.linkonce.armextab.*)
                0x0000000008003fb4                . = ALIGN (0x4)

.ARM            0x0000000008003fb4        0x8
                0x0000000008003fb4                . = ALIGN (0x4)
                0x0000000008003fb4                __exidx_start = .
 *(.ARM.exidx*)
 .ARM.exidx     0x0000000008003fb4        0x8 /Applications/STM32CubeIDE.app/Contents/Eclipse/plugins/com.st.stm32cube.ide.mcu.externaltools.gnu-tools-for-stm32.10.3-2021.10.macos64_1.0.100.202210260954/tools/bin/../lib/gcc/arm-none-eabi/10.3.1/thumb/v7e-m+fp/hard/libgcc.a(_udivmoddi4.o)
                0x0000000008003fbc                __exidx_end = .
                0x0000000008003fbc                . = ALIGN (0x4)

.rel.dyn        0x0000000008003fbc        0x0
 .rel.iplt      0x0000000008003fbc        0x0 /Applications/STM32CubeIDE.app/Contents/Eclipse/plugins/com.st.stm32cube.ide.mcu.externaltools.gnu-tools-for-stm32.10.3-2021.10.macos64_1.0.100.202210260954/tools/bin/../lib/gcc/arm-none-eabi/10.3.1/thumb/v7e-m+fp/hard/crtbegin.o

.preinit_array  0x0000000008003fbc        0x0
                0x0000000008003fbc                . = ALIGN (0x4)
                0x0000000008003fbc                PROVIDE (__preinit_array_start = .)
 *(.preinit_array*)
                0x0000000008003fbc                PROVIDE (__preinit_array_end = .)
                0x0000000008003fbc                . = ALIGN (0x4)

.init_array     0x0000000008003fbc        0x4
                0x0000000008003fbc                . = ALIGN (0x4)
                0x0000000008003fbc                PROVIDE (__init_array_start = .)
 *(SORT_BY_NAME(.init_array.*))
 *(.init_array*)
 .init_array    0x0000000008003fbc        0x4 /Applications/STM32CubeIDE.app/Contents/Eclipse/plugins/com.st.stm32cube.ide.mcu.externaltools.gnu-tools-for-stm32.10.3-2021.10.macos64_1.0.100.202210260954/tools/bin/../lib/gcc/arm-none-eabi/10.3.1/thumb/v7e-m+fp/hard/crtbegin.o
                0x0000000008003fc0                PROVIDE (__init_array_end = .)
                0x0000000008003fc0                . = ALIGN (0x4)

.fini_array     0x0000000008003fc0        0x4
                0x0000000008003fc0                . = ALIGN (0x4)
                [!provide]                        PROVIDE (__fini_array_start = .)
 *(SORT_BY_NAME(.fini_array.*))
 *(.fini_array*)
 .fini_array    0x0000000008003fc0        0x4 /Applications/STM32CubeIDE.app/Contents/Eclipse/plugins/com.st.stm32cube.ide.mcu.externaltools.gnu-tools-for-stm32.10.3-2021.10.macos64_1.0.100.202210260954/tools/bin/../lib/gcc/arm-none-eabi/10.3.1/thumb/v7e-m+fp/hard/crtbegin.o
                [!provide]                        PROVIDE (__fini_array_end = .)
                0x0000000008003fc4                . = ALIGN (0x4)
                0x0000000008003fc4                _sidata = LOADADDR (.data)

.data           0x0000000020000000       0x1c load address 0x0000000008003fc4
                0x0000000020000000                . = ALIGN (0x4)
                0x0000000020000000                _sdata = .
 *(.data)
 *(.data*)
 .data.special1
                0x0000000020000000        0x8 ./Core/Src/lcd_i2c.o
                0x0000000020000000                special1
 .data.special2
                0x0000000020000008        0x8 ./Core/Src/lcd_i2c.o
                0x0000000020000008                special2
 .data.SystemCoreClock
                0x0000000020000010        0x4 ./Core/Src/system_stm32f4xx.o
                0x0000000020000010                SystemCoreClock
 .data.uwTickPrio
                0x0000000020000014        0x4 ./Drivers/STM32F4xx_HAL_Driver/Src/stm32f4xx_hal.o
                0x0000000020000014                uwTickPrio
 .data.uwTickFreq
                0x0000000020000018        0x1 ./Drivers/STM32F4xx_HAL_Driver/Src/stm32f4xx_hal.o
                0x0000000020000018                uwTickFreq
 *(.RamFunc)
 *(.RamFunc*)
                0x000000002000001c                . = ALIGN (0x4)
 *fill*         0x0000000020000019        0x3 
                0x000000002000001c                _edata = .

.igot.plt       0x000000002000001c        0x0 load address 0x0000000008003fe0
 .igot.plt      0x000000002000001c        0x0 /Applications/STM32CubeIDE.app/Contents/Eclipse/plugins/com.st.stm32cube.ide.mcu.externaltools.gnu-tools-for-stm32.10.3-2021.10.macos64_1.0.100.202210260954/tools/bin/../lib/gcc/arm-none-eabi/10.3.1/thumb/v7e-m+fp/hard/crtbegin.o
                0x000000002000001c                . = ALIGN (0x4)

.bss            0x000000002000001c      0x1ac load address 0x0000000008003fe0
                0x000000002000001c                _sbss = .
                0x000000002000001c                __bss_start__ = _sbss
 *(.bss)
 .bss           0x000000002000001c       0x1c /Applications/STM32CubeIDE.app/Contents/Eclipse/plugins/com.st.stm32cube.ide.mcu.externaltools.gnu-tools-for-stm32.10.3-2021.10.macos64_1.0.100.202210260954/tools/bin/../lib/gcc/arm-none-eabi/10.3.1/thumb/v7e-m+fp/hard/crtbegin.o
 *(.bss*)
 .bss.dpFunction
                0x0000000020000038        0x1 ./Core/Src/lcd_i2c.o
                0x0000000020000038                dpFunction
 .bss.dpControl
                0x0000000020000039        0x1 ./Core/Src/lcd_i2c.o
                0x0000000020000039                dpControl
 .bss.dpMode    0x000000002000003a        0x1 ./Core/Src/lcd_i2c.o
                0x000000002000003a                dpMode
 .bss.dpRows    0x000000002000003b        0x1 ./Core/Src/lcd_i2c.o
                0x000000002000003b                dpRows
 .bss.dpBacklight
                0x000000002000003c        0x1 ./Core/Src/lcd_i2c.o
                0x000000002000003c                dpBacklight
 *fill*         0x000000002000003d        0x3 
 .bss.hi2c1     0x0000000020000040       0x54 ./Core/Src/main.o
                0x0000000020000040                hi2c1
 .bss.hspi2     0x0000000020000094       0x58 ./Core/Src/main.o
                0x0000000020000094                hspi2
 .bss.htim1     0x00000000200000ec       0x48 ./Core/Src/main.o
                0x00000000200000ec                htim1
 .bss.htim2     0x0000000020000134       0x48 ./Core/Src/main.o
                0x0000000020000134                htim2
 .bss.htim3     0x000000002000017c       0x48 ./Core/Src/main.o
                0x000000002000017c                htim3
 .bss.uwTick    0x00000000200001c4        0x4 ./Drivers/STM32F4xx_HAL_Driver/Src/stm32f4xx_hal.o
                0x00000000200001c4                uwTick
 *(COMMON)
                0x00000000200001c8                . = ALIGN (0x4)
                0x00000000200001c8                _ebss = .
                0x00000000200001c8                __bss_end__ = _ebss

._user_heap_stack
                0x00000000200001c8      0x600 load address 0x0000000008003fe0
                0x00000000200001c8                . = ALIGN (0x8)
                [!provide]                        PROVIDE (end = .)
                0x00000000200001c8                PROVIDE (_end = .)
                0x00000000200003c8                . = (. + _Min_Heap_Size)
 *fill*         0x00000000200001c8      0x200 
                0x00000000200007c8                . = (. + _Min_Stack_Size)
 *fill*         0x00000000200003c8      0x400 
                0x00000000200007c8                . = ALIGN (0x8)

/DISCARD/
 libc.a(*)
 libm.a(*)
 libgcc.a(*)

.ARM.attributes
                0x0000000000000000       0x30
 *(.ARM.attributes)
 .ARM.attributes
                0x0000000000000000       0x1e /Applications/STM32CubeIDE.app/Contents/Eclipse/plugins/com.st.stm32cube.ide.mcu.externaltools.gnu-tools-for-stm32.10.3-2021.10.macos64_1.0.100.202210260954/tools/bin/../lib/gcc/arm-none-eabi/10.3.1/thumb/v7e-m+fp/hard/crti.o
 .ARM.attributes
                0x000000000000001e       0x34 /Applications/STM32CubeIDE.app/Contents/Eclipse/plugins/com.st.stm32cube.ide.mcu.externaltools.gnu-tools-for-stm32.10.3-2021.10.macos64_1.0.100.202210260954/tools/bin/../lib/gcc/arm-none-eabi/10.3.1/thumb/v7e-m+fp/hard/crtbegin.o
 .ARM.attributes
                0x0000000000000052       0x34 ./Core/Src/controller.o
 .ARM.attributes
                0x0000000000000086       0x34 ./Core/Src/lcd_i2c.o
 .ARM.attributes
                0x00000000000000ba       0x34 ./Core/Src/main.o
 .ARM.attributes
                0x00000000000000ee       0x34 ./Core/Src/stm32f4xx_hal_msp.o
 .ARM.attributes
                0x0000000000000122       0x34 ./Core/Src/stm32f4xx_it.o
 .ARM.attributes
                0x0000000000000156       0x34 ./Core/Src/system_stm32f4xx.o
 .ARM.attributes
                0x000000000000018a       0x21 ./Core/Startup/startup_stm32f401retx.o
 .ARM.attributes
                0x00000000000001ab       0x34 ./Drivers/STM32F4xx_HAL_Driver/Src/stm32f4xx_hal.o
 .ARM.attributes
                0x00000000000001df       0x34 ./Drivers/STM32F4xx_HAL_Driver/Src/stm32f4xx_hal_cortex.o
 .ARM.attributes
                0x0000000000000213       0x34 ./Drivers/STM32F4xx_HAL_Driver/Src/stm32f4xx_hal_gpio.o
 .ARM.attributes
                0x0000000000000247       0x34 ./Drivers/STM32F4xx_HAL_Driver/Src/stm32f4xx_hal_i2c.o
 .ARM.attributes
                0x000000000000027b       0x34 ./Drivers/STM32F4xx_HAL_Driver/Src/stm32f4xx_hal_rcc.o
 .ARM.attributes
                0x00000000000002af       0x34 ./Drivers/STM32F4xx_HAL_Driver/Src/stm32f4xx_hal_spi.o
 .ARM.attributes
                0x00000000000002e3       0x34 ./Drivers/STM32F4xx_HAL_Driver/Src/stm32f4xx_hal_tim.o
 .ARM.attributes
                0x0000000000000317       0x34 ./Drivers/STM32F4xx_HAL_Driver/Src/stm32f4xx_hal_tim_ex.o
 .ARM.attributes
                0x000000000000034b       0x34 /Applications/STM32CubeIDE.app/Contents/Eclipse/plugins/com.st.stm32cube.ide.mcu.externaltools.gnu-tools-for-stm32.10.3-2021.10.macos64_1.0.100.202210260954/tools/bin/../lib/gcc/arm-none-eabi/10.3.1/../../../../arm-none-eabi/lib/thumb/v7e-m+fp/hard/libc_nano.a(lib_a-init.o)
 .ARM.attributes
                0x000000000000037f       0x34 /Applications/STM32CubeIDE.app/Contents/Eclipse/plugins/com.st.stm32cube.ide.mcu.externaltools.gnu-tools-for-stm32.10.3-2021.10.macos64_1.0.100.202210260954/tools/bin/../lib/gcc/arm-none-eabi/10.3.1/../../../../arm-none-eabi/lib/thumb/v7e-m+fp/hard/libc_nano.a(lib_a-itoa.o)
 .ARM.attributes
                0x00000000000003b3       0x34 /Applications/STM32CubeIDE.app/Contents/Eclipse/plugins/com.st.stm32cube.ide.mcu.externaltools.gnu-tools-for-stm32.10.3-2021.10.macos64_1.0.100.202210260954/tools/bin/../lib/gcc/arm-none-eabi/10.3.1/../../../../arm-none-eabi/lib/thumb/v7e-m+fp/hard/libc_nano.a(lib_a-memset.o)
 .ARM.attributes
                0x00000000000003e7       0x34 /Applications/STM32CubeIDE.app/Contents/Eclipse/plugins/com.st.stm32cube.ide.mcu.externaltools.gnu-tools-for-stm32.10.3-2021.10.macos64_1.0.100.202210260954/tools/bin/../lib/gcc/arm-none-eabi/10.3.1/../../../../arm-none-eabi/lib/thumb/v7e-m+fp/hard/libc_nano.a(lib_a-utoa.o)
 .ARM.attributes
                0x000000000000041b       0x1e /Applications/STM32CubeIDE.app/Contents/Eclipse/plugins/com.st.stm32cube.ide.mcu.externaltools.gnu-tools-for-stm32.10.3-2021.10.macos64_1.0.100.202210260954/tools/bin/../lib/gcc/arm-none-eabi/10.3.1/thumb/v7e-m+fp/hard/libgcc.a(_aeabi_uldivmod.o)
 .ARM.attributes
                0x0000000000000439       0x34 /Applications/STM32CubeIDE.app/Contents/Eclipse/plugins/com.st.stm32cube.ide.mcu.externaltools.gnu-tools-for-stm32.10.3-2021.10.macos64_1.0.100.202210260954/tools/bin/../lib/gcc/arm-none-eabi/10.3.1/thumb/v7e-m+fp/hard/libgcc.a(_udivmoddi4.o)
 .ARM.attributes
                0x000000000000046d       0x1e /Applications/STM32CubeIDE.app/Contents/Eclipse/plugins/com.st.stm32cube.ide.mcu.externaltools.gnu-tools-for-stm32.10.3-2021.10.macos64_1.0.100.202210260954/tools/bin/../lib/gcc/arm-none-eabi/10.3.1/thumb/v7e-m+fp/hard/libgcc.a(_dvmd_tls.o)
 .ARM.attributes
                0x000000000000048b       0x1e /Applications/STM32CubeIDE.app/Contents/Eclipse/plugins/com.st.stm32cube.ide.mcu.externaltools.gnu-tools-for-stm32.10.3-2021.10.macos64_1.0.100.202210260954/tools/bin/../lib/gcc/arm-none-eabi/10.3.1/thumb/v7e-m+fp/hard/crtn.o
OUTPUT(GumpShot.elf elf32-littlearm)
LOAD linker stubs
LOAD /Applications/STM32CubeIDE.app/Contents/Eclipse/plugins/com.st.stm32cube.ide.mcu.externaltools.gnu-tools-for-stm32.10.3-2021.10.macos64_1.0.100.202210260954/tools/bin/../lib/gcc/arm-none-eabi/10.3.1/../../../../arm-none-eabi/lib/thumb/v7e-m+fp/hard/libc.a
LOAD /Applications/STM32CubeIDE.app/Contents/Eclipse/plugins/com.st.stm32cube.ide.mcu.externaltools.gnu-tools-for-stm32.10.3-2021.10.macos64_1.0.100.202210260954/tools/bin/../lib/gcc/arm-none-eabi/10.3.1/../../../../arm-none-eabi/lib/thumb/v7e-m+fp/hard/libm.a
LOAD /Applications/STM32CubeIDE.app/Contents/Eclipse/plugins/com.st.stm32cube.ide.mcu.externaltools.gnu-tools-for-stm32.10.3-2021.10.macos64_1.0.100.202210260954/tools/bin/../lib/gcc/arm-none-eabi/10.3.1/thumb/v7e-m+fp/hard/libgcc.a

.debug_info     0x0000000000000000     0xedad
 .debug_info    0x0000000000000000      0xa7f ./Core/Src/controller.o
 .debug_info    0x0000000000000a7f      0xddb ./Core/Src/lcd_i2c.o
 .debug_info    0x000000000000185a     0x16da ./Core/Src/main.o
 .debug_info    0x0000000000002f34     0x1155 ./Core/Src/stm32f4xx_hal_msp.o
 .debug_info    0x0000000000004089      0x121 ./Core/Src/stm32f4xx_it.o
 .debug_info    0x00000000000041aa      0x54f ./Core/Src/system_stm32f4xx.o
 .debug_info    0x00000000000046f9       0x22 ./Core/Startup/startup_stm32f401retx.o
 .debug_info    0x000000000000471b      0x906 ./Drivers/STM32F4xx_HAL_Driver/Src/stm32f4xx_hal.o
 .debug_info    0x0000000000005021      0xd85 ./Drivers/STM32F4xx_HAL_Driver/Src/stm32f4xx_hal_cortex.o
 .debug_info    0x0000000000005da6      0x78e ./Drivers/STM32F4xx_HAL_Driver/Src/stm32f4xx_hal_gpio.o
 .debug_info    0x0000000000006534     0x260f ./Drivers/STM32F4xx_HAL_Driver/Src/stm32f4xx_hal_i2c.o
 .debug_info    0x0000000000008b43      0x98c ./Drivers/STM32F4xx_HAL_Driver/Src/stm32f4xx_hal_rcc.o
 .debug_info    0x00000000000094cf     0x1750 ./Drivers/STM32F4xx_HAL_Driver/Src/stm32f4xx_hal_spi.o
 .debug_info    0x000000000000ac1f     0x2bb6 ./Drivers/STM32F4xx_HAL_Driver/Src/stm32f4xx_hal_tim.o
 .debug_info    0x000000000000d7d5     0x15d8 ./Drivers/STM32F4xx_HAL_Driver/Src/stm32f4xx_hal_tim_ex.o

.debug_abbrev   0x0000000000000000     0x1f66
 .debug_abbrev  0x0000000000000000      0x1f3 ./Core/Src/controller.o
 .debug_abbrev  0x00000000000001f3      0x319 ./Core/Src/lcd_i2c.o
 .debug_abbrev  0x000000000000050c      0x2ec ./Core/Src/main.o
 .debug_abbrev  0x00000000000007f8      0x216 ./Core/Src/stm32f4xx_hal_msp.o
 .debug_abbrev  0x0000000000000a0e       0x74 ./Core/Src/stm32f4xx_it.o
 .debug_abbrev  0x0000000000000a82      0x116 ./Core/Src/system_stm32f4xx.o
 .debug_abbrev  0x0000000000000b98       0x12 ./Core/Startup/startup_stm32f401retx.o
 .debug_abbrev  0x0000000000000baa      0x23e ./Drivers/STM32F4xx_HAL_Driver/Src/stm32f4xx_hal.o
 .debug_abbrev  0x0000000000000de8      0x316 ./Drivers/STM32F4xx_HAL_Driver/Src/stm32f4xx_hal_cortex.o
 .debug_abbrev  0x00000000000010fe      0x1c4 ./Drivers/STM32F4xx_HAL_Driver/Src/stm32f4xx_hal_gpio.o
 .debug_abbrev  0x00000000000012c2      0x2a8 ./Drivers/STM32F4xx_HAL_Driver/Src/stm32f4xx_hal_i2c.o
 .debug_abbrev  0x000000000000156a      0x2aa ./Drivers/STM32F4xx_HAL_Driver/Src/stm32f4xx_hal_rcc.o
 .debug_abbrev  0x0000000000001814      0x26e ./Drivers/STM32F4xx_HAL_Driver/Src/stm32f4xx_hal_spi.o
 .debug_abbrev  0x0000000000001a82      0x26e ./Drivers/STM32F4xx_HAL_Driver/Src/stm32f4xx_hal_tim.o
 .debug_abbrev  0x0000000000001cf0      0x276 ./Drivers/STM32F4xx_HAL_Driver/Src/stm32f4xx_hal_tim_ex.o

.debug_aranges  0x0000000000000000      0xf58
 .debug_aranges
                0x0000000000000000       0x38 ./Core/Src/controller.o
 .debug_aranges
                0x0000000000000038      0x120 ./Core/Src/lcd_i2c.o
 .debug_aranges
                0x0000000000000158       0x68 ./Core/Src/main.o
 .debug_aranges
                0x00000000000001c0       0x58 ./Core/Src/stm32f4xx_hal_msp.o
 .debug_aranges
                0x0000000000000218       0x60 ./Core/Src/stm32f4xx_it.o
 .debug_aranges
                0x0000000000000278       0x28 ./Core/Src/system_stm32f4xx.o
 .debug_aranges
                0x00000000000002a0       0x28 ./Core/Startup/startup_stm32f401retx.o
 .debug_aranges
                0x00000000000002c8       0xf0 ./Drivers/STM32F4xx_HAL_Driver/Src/stm32f4xx_hal.o
 .debug_aranges
                0x00000000000003b8      0x118 ./Drivers/STM32F4xx_HAL_Driver/Src/stm32f4xx_hal_cortex.o
 .debug_aranges
                0x00000000000004d0       0x58 ./Drivers/STM32F4xx_HAL_Driver/Src/stm32f4xx_hal_gpio.o
 .debug_aranges
                0x0000000000000528      0x2a0 ./Drivers/STM32F4xx_HAL_Driver/Src/stm32f4xx_hal_i2c.o
 .debug_aranges
                0x00000000000007c8       0x88 ./Drivers/STM32F4xx_HAL_Driver/Src/stm32f4xx_hal_rcc.o
 .debug_aranges
                0x0000000000000850      0x1d0 ./Drivers/STM32F4xx_HAL_Driver/Src/stm32f4xx_hal_spi.o
 .debug_aranges
                0x0000000000000a20      0x3d0 ./Drivers/STM32F4xx_HAL_Driver/Src/stm32f4xx_hal_tim.o
 .debug_aranges
                0x0000000000000df0      0x168 ./Drivers/STM32F4xx_HAL_Driver/Src/stm32f4xx_hal_tim_ex.o

.debug_ranges   0x0000000000000000      0xe88
 .debug_ranges  0x0000000000000000       0x28 ./Core/Src/controller.o
 .debug_ranges  0x0000000000000028      0x110 ./Core/Src/lcd_i2c.o
 .debug_ranges  0x0000000000000138       0x58 ./Core/Src/main.o
 .debug_ranges  0x0000000000000190       0x48 ./Core/Src/stm32f4xx_hal_msp.o
 .debug_ranges  0x00000000000001d8       0x50 ./Core/Src/stm32f4xx_it.o
 .debug_ranges  0x0000000000000228       0x18 ./Core/Src/system_stm32f4xx.o
 .debug_ranges  0x0000000000000240       0x20 ./Core/Startup/startup_stm32f401retx.o
 .debug_ranges  0x0000000000000260       0xe0 ./Drivers/STM32F4xx_HAL_Driver/Src/stm32f4xx_hal.o
 .debug_ranges  0x0000000000000340      0x108 ./Drivers/STM32F4xx_HAL_Driver/Src/stm32f4xx_hal_cortex.o
 .debug_ranges  0x0000000000000448       0x48 ./Drivers/STM32F4xx_HAL_Driver/Src/stm32f4xx_hal_gpio.o
 .debug_ranges  0x0000000000000490      0x2a8 ./Drivers/STM32F4xx_HAL_Driver/Src/stm32f4xx_hal_i2c.o
 .debug_ranges  0x0000000000000738       0x78 ./Drivers/STM32F4xx_HAL_Driver/Src/stm32f4xx_hal_rcc.o
 .debug_ranges  0x00000000000007b0      0x1c0 ./Drivers/STM32F4xx_HAL_Driver/Src/stm32f4xx_hal_spi.o
 .debug_ranges  0x0000000000000970      0x3c0 ./Drivers/STM32F4xx_HAL_Driver/Src/stm32f4xx_hal_tim.o
 .debug_ranges  0x0000000000000d30      0x158 ./Drivers/STM32F4xx_HAL_Driver/Src/stm32f4xx_hal_tim_ex.o

.debug_macro    0x0000000000000000    0x15fe7
 .debug_macro   0x0000000000000000      0x1fa ./Core/Src/controller.o
 .debug_macro   0x00000000000001fa      0xa78 ./Core/Src/controller.o
 .debug_macro   0x0000000000000c72      0x2a1 ./Core/Src/controller.o
 .debug_macro   0x0000000000000f13       0x2e ./Core/Src/controller.o
 .debug_macro   0x0000000000000f41       0x28 ./Core/Src/controller.o
 .debug_macro   0x0000000000000f69       0x22 ./Core/Src/controller.o
 .debug_macro   0x0000000000000f8b       0x8e ./Core/Src/controller.o
 .debug_macro   0x0000000000001019       0x51 ./Core/Src/controller.o
 .debug_macro   0x000000000000106a      0x103 ./Core/Src/controller.o
 .debug_macro   0x000000000000116d       0x6a ./Core/Src/controller.o
 .debug_macro   0x00000000000011d7      0x1df ./Core/Src/controller.o
 .debug_macro   0x00000000000013b6       0x1c ./Core/Src/controller.o
 .debug_macro   0x00000000000013d2       0x22 ./Core/Src/controller.o
 .debug_macro   0x00000000000013f4       0xd9 ./Core/Src/controller.o
 .debug_macro   0x00000000000014cd     0x102d ./Core/Src/controller.o
 .debug_macro   0x00000000000024fa      0x11f ./Core/Src/controller.o
 .debug_macro   0x0000000000002619     0xb86c ./Core/Src/controller.o
 .debug_macro   0x000000000000de85       0x6d ./Core/Src/controller.o
 .debug_macro   0x000000000000def2     0x367e ./Core/Src/controller.o
 .debug_macro   0x0000000000011570      0x174 ./Core/Src/controller.o
 .debug_macro   0x00000000000116e4       0x5c ./Core/Src/controller.o
 .debug_macro   0x0000000000011740      0x416 ./Core/Src/controller.o
 .debug_macro   0x0000000000011b56      0x9fe ./Core/Src/controller.o
 .debug_macro   0x0000000000012554      0x115 ./Core/Src/controller.o
 .debug_macro   0x0000000000012669       0xf8 ./Core/Src/controller.o
 .debug_macro   0x0000000000012761       0xa5 ./Core/Src/controller.o
 .debug_macro   0x0000000000012806      0x15f ./Core/Src/controller.o
 .debug_macro   0x0000000000012965      0x287 ./Core/Src/controller.o
 .debug_macro   0x0000000000012bec       0x5f ./Core/Src/controller.o
 .debug_macro   0x0000000000012c4b      0x236 ./Core/Src/controller.o
 .debug_macro   0x0000000000012e81      0x132 ./Core/Src/controller.o
 .debug_macro   0x0000000000012fb3      0x264 ./Core/Src/controller.o
 .debug_macro   0x0000000000013217       0x2e ./Core/Src/controller.o
 .debug_macro   0x0000000000013245      0x1b5 ./Core/Src/controller.o
 .debug_macro   0x00000000000133fa       0x22 ./Core/Src/controller.o
 .debug_macro   0x000000000001341c       0xd6 ./Core/Src/controller.o
 .debug_macro   0x00000000000134f2      0x11a ./Core/Src/controller.o
 .debug_macro   0x000000000001360c       0x85 ./Core/Src/controller.o
 .debug_macro   0x0000000000013691       0x89 ./Core/Src/controller.o
 .debug_macro   0x000000000001371a      0x225 ./Core/Src/controller.o
 .debug_macro   0x000000000001393f      0x8e6 ./Core/Src/controller.o
 .debug_macro   0x0000000000014225       0x47 ./Core/Src/controller.o
 .debug_macro   0x000000000001426c      0x126 ./Core/Src/controller.o
 .debug_macro   0x0000000000014392       0x5e ./Core/Src/controller.o
 .debug_macro   0x00000000000143f0      0x1f6 ./Core/Src/lcd_i2c.o
 .debug_macro   0x00000000000145e6       0xd0 ./Core/Src/lcd_i2c.o
 .debug_macro   0x00000000000146b6      0x20d ./Core/Src/main.o
 .debug_macro   0x00000000000148c3       0x58 ./Core/Src/main.o
 .debug_macro   0x000000000001491b       0xd6 ./Core/Src/main.o
 .debug_macro   0x00000000000149f1      0x1f6 ./Core/Src/stm32f4xx_hal_msp.o
 .debug_macro   0x0000000000014be7      0x200 ./Core/Src/stm32f4xx_it.o
 .debug_macro   0x0000000000014de7      0x1e7 ./Core/Src/system_stm32f4xx.o
 .debug_macro   0x0000000000014fce      0x247 ./Drivers/STM32F4xx_HAL_Driver/Src/stm32f4xx_hal.o
 .debug_macro   0x0000000000015215      0x1e7 ./Drivers/STM32F4xx_HAL_Driver/Src/stm32f4xx_hal_cortex.o
 .debug_macro   0x00000000000153fc      0x1ed ./Drivers/STM32F4xx_HAL_Driver/Src/stm32f4xx_hal_gpio.o
 .debug_macro   0x00000000000155e9      0x22e ./Drivers/STM32F4xx_HAL_Driver/Src/stm32f4xx_hal_i2c.o
 .debug_macro   0x0000000000015817      0x20b ./Drivers/STM32F4xx_HAL_Driver/Src/stm32f4xx_hal_rcc.o
 .debug_macro   0x0000000000015a22      0x1f6 ./Drivers/STM32F4xx_HAL_Driver/Src/stm32f4xx_hal_spi.o
 .debug_macro   0x0000000000015c18      0x1e8 ./Drivers/STM32F4xx_HAL_Driver/Src/stm32f4xx_hal_tim.o
 .debug_macro   0x0000000000015e00      0x1e7 ./Drivers/STM32F4xx_HAL_Driver/Src/stm32f4xx_hal_tim_ex.o

.debug_line     0x0000000000000000    0x10b9a
 .debug_line    0x0000000000000000      0xa30 ./Core/Src/controller.o
 .debug_line    0x0000000000000a30      0xb60 ./Core/Src/lcd_i2c.o
 .debug_line    0x0000000000001590      0x98a ./Core/Src/main.o
 .debug_line    0x0000000000001f1a      0x835 ./Core/Src/stm32f4xx_hal_msp.o
 .debug_line    0x000000000000274f      0x7e2 ./Core/Src/stm32f4xx_it.o
 .debug_line    0x0000000000002f31      0x7a1 ./Core/Src/system_stm32f4xx.o
 .debug_line    0x00000000000036d2       0x88 ./Core/Startup/startup_stm32f401retx.o
 .debug_line    0x000000000000375a      0xa07 ./Drivers/STM32F4xx_HAL_Driver/Src/stm32f4xx_hal.o
 .debug_line    0x0000000000004161      0xcb6 ./Drivers/STM32F4xx_HAL_Driver/Src/stm32f4xx_hal_cortex.o
 .debug_line    0x0000000000004e17      0xb3f ./Drivers/STM32F4xx_HAL_Driver/Src/stm32f4xx_hal_gpio.o
 .debug_line    0x0000000000005956     0x39bc ./Drivers/STM32F4xx_HAL_Driver/Src/stm32f4xx_hal_i2c.o
 .debug_line    0x0000000000009312      0xd83 ./Drivers/STM32F4xx_HAL_Driver/Src/stm32f4xx_hal_rcc.o
 .debug_line    0x000000000000a095     0x1c91 ./Drivers/STM32F4xx_HAL_Driver/Src/stm32f4xx_hal_spi.o
 .debug_line    0x000000000000bd26     0x34d5 ./Drivers/STM32F4xx_HAL_Driver/Src/stm32f4xx_hal_tim.o
 .debug_line    0x000000000000f1fb     0x199f ./Drivers/STM32F4xx_HAL_Driver/Src/stm32f4xx_hal_tim_ex.o

.debug_str      0x0000000000000000    0x8b8de
 .debug_str     0x0000000000000000    0x8735e ./Core/Src/controller.o
                                      0x8764c (size before relaxing)
 .debug_str     0x000000000008735e      0x8eb ./Core/Src/lcd_i2c.o
                                      0x87a70 (size before relaxing)
 .debug_str     0x0000000000087c49      0x70b ./Core/Src/main.o
                                      0x88249 (size before relaxing)
 .debug_str     0x0000000000088354       0xdf ./Core/Src/stm32f4xx_hal_msp.o
                                      0x87bb8 (size before relaxing)
 .debug_str     0x0000000000088433       0xc9 ./Core/Src/stm32f4xx_it.o
                                      0x87056 (size before relaxing)
 .debug_str     0x00000000000884fc       0xcb ./Core/Src/system_stm32f4xx.o
                                      0x8706c (size before relaxing)
 .debug_str     0x00000000000885c7       0x7f ./Core/Startup/startup_stm32f401retx.o
 .debug_str     0x0000000000088646      0x982 ./Drivers/STM32F4xx_HAL_Driver/Src/stm32f4xx_hal.o
                                      0x87a8e (size before relaxing)
 .debug_str     0x0000000000088fc8      0x354 ./Drivers/STM32F4xx_HAL_Driver/Src/stm32f4xx_hal_cortex.o
                                      0x877af (size before relaxing)
 .debug_str     0x000000000008931c      0x110 ./Drivers/STM32F4xx_HAL_Driver/Src/stm32f4xx_hal_gpio.o
                                      0x871e7 (size before relaxing)
 .debug_str     0x000000000008942c      0xaec ./Drivers/STM32F4xx_HAL_Driver/Src/stm32f4xx_hal_i2c.o
                                      0x8802a (size before relaxing)
 .debug_str     0x0000000000089f18      0x213 ./Drivers/STM32F4xx_HAL_Driver/Src/stm32f4xx_hal_rcc.o
                                      0x874a0 (size before relaxing)
 .debug_str     0x000000000008a12b      0x548 ./Drivers/STM32F4xx_HAL_Driver/Src/stm32f4xx_hal_spi.o
                                      0x8791e (size before relaxing)
 .debug_str     0x000000000008a673      0xdd8 ./Drivers/STM32F4xx_HAL_Driver/Src/stm32f4xx_hal_tim.o
                                      0x883d4 (size before relaxing)
 .debug_str     0x000000000008b44b      0x493 ./Drivers/STM32F4xx_HAL_Driver/Src/stm32f4xx_hal_tim_ex.o
                                      0x87bf0 (size before relaxing)

.comment        0x0000000000000000       0x50
 .comment       0x0000000000000000       0x50 ./Core/Src/controller.o
                                         0x51 (size before relaxing)
 .comment       0x0000000000000050       0x51 ./Core/Src/lcd_i2c.o
 .comment       0x0000000000000050       0x51 ./Core/Src/main.o
 .comment       0x0000000000000050       0x51 ./Core/Src/stm32f4xx_hal_msp.o
 .comment       0x0000000000000050       0x51 ./Core/Src/stm32f4xx_it.o
 .comment       0x0000000000000050       0x51 ./Core/Src/system_stm32f4xx.o
 .comment       0x0000000000000050       0x51 ./Drivers/STM32F4xx_HAL_Driver/Src/stm32f4xx_hal.o
 .comment       0x0000000000000050       0x51 ./Drivers/STM32F4xx_HAL_Driver/Src/stm32f4xx_hal_cortex.o
 .comment       0x0000000000000050       0x51 ./Drivers/STM32F4xx_HAL_Driver/Src/stm32f4xx_hal_gpio.o
 .comment       0x0000000000000050       0x51 ./Drivers/STM32F4xx_HAL_Driver/Src/stm32f4xx_hal_i2c.o
 .comment       0x0000000000000050       0x51 ./Drivers/STM32F4xx_HAL_Driver/Src/stm32f4xx_hal_rcc.o
 .comment       0x0000000000000050       0x51 ./Drivers/STM32F4xx_HAL_Driver/Src/stm32f4xx_hal_spi.o
 .comment       0x0000000000000050       0x51 ./Drivers/STM32F4xx_HAL_Driver/Src/stm32f4xx_hal_tim.o
 .comment       0x0000000000000050       0x51 ./Drivers/STM32F4xx_HAL_Driver/Src/stm32f4xx_hal_tim_ex.o

.debug_frame    0x0000000000000000     0x41b4
 .debug_frame   0x0000000000000000       0xac ./Core/Src/controller.o
 .debug_frame   0x00000000000000ac      0x430 ./Core/Src/lcd_i2c.o
 .debug_frame   0x00000000000004dc      0x158 ./Core/Src/main.o
 .debug_frame   0x0000000000000634      0x138 ./Core/Src/stm32f4xx_hal_msp.o
 .debug_frame   0x000000000000076c      0x104 ./Core/Src/stm32f4xx_it.o
 .debug_frame   0x0000000000000870       0x58 ./Core/Src/system_stm32f4xx.o
 .debug_frame   0x00000000000008c8      0x374 ./Drivers/STM32F4xx_HAL_Driver/Src/stm32f4xx_hal.o
 .debug_frame   0x0000000000000c3c      0x498 ./Drivers/STM32F4xx_HAL_Driver/Src/stm32f4xx_hal_cortex.o
 .debug_frame   0x00000000000010d4      0x14c ./Drivers/STM32F4xx_HAL_Driver/Src/stm32f4xx_hal_gpio.o
 .debug_frame   0x0000000000001220      0xc5c ./Drivers/STM32F4xx_HAL_Driver/Src/stm32f4xx_hal_i2c.o
 .debug_frame   0x0000000000001e7c      0x1f4 ./Drivers/STM32F4xx_HAL_Driver/Src/stm32f4xx_hal_rcc.o
 .debug_frame   0x0000000000002070      0x824 ./Drivers/STM32F4xx_HAL_Driver/Src/stm32f4xx_hal_spi.o
 .debug_frame   0x0000000000002894     0x11bc ./Drivers/STM32F4xx_HAL_Driver/Src/stm32f4xx_hal_tim.o
 .debug_frame   0x0000000000003a50      0x638 ./Drivers/STM32F4xx_HAL_Driver/Src/stm32f4xx_hal_tim_ex.o
 .debug_frame   0x0000000000004088       0x2c /Applications/STM32CubeIDE.app/Contents/Eclipse/plugins/com.st.stm32cube.ide.mcu.externaltools.gnu-tools-for-stm32.10.3-2021.10.macos64_1.0.100.202210260954/tools/bin/../lib/gcc/arm-none-eabi/10.3.1/../../../../arm-none-eabi/lib/thumb/v7e-m+fp/hard/libc_nano.a(lib_a-init.o)
 .debug_frame   0x00000000000040b4       0x38 /Applications/STM32CubeIDE.app/Contents/Eclipse/plugins/com.st.stm32cube.ide.mcu.externaltools.gnu-tools-for-stm32.10.3-2021.10.macos64_1.0.100.202210260954/tools/bin/../lib/gcc/arm-none-eabi/10.3.1/../../../../arm-none-eabi/lib/thumb/v7e-m+fp/hard/libc_nano.a(lib_a-itoa.o)
 .debug_frame   0x00000000000040ec       0x20 /Applications/STM32CubeIDE.app/Contents/Eclipse/plugins/com.st.stm32cube.ide.mcu.externaltools.gnu-tools-for-stm32.10.3-2021.10.macos64_1.0.100.202210260954/tools/bin/../lib/gcc/arm-none-eabi/10.3.1/../../../../arm-none-eabi/lib/thumb/v7e-m+fp/hard/libc_nano.a(lib_a-memset.o)
 .debug_frame   0x000000000000410c       0x48 /Applications/STM32CubeIDE.app/Contents/Eclipse/plugins/com.st.stm32cube.ide.mcu.externaltools.gnu-tools-for-stm32.10.3-2021.10.macos64_1.0.100.202210260954/tools/bin/../lib/gcc/arm-none-eabi/10.3.1/../../../../arm-none-eabi/lib/thumb/v7e-m+fp/hard/libc_nano.a(lib_a-utoa.o)
 .debug_frame   0x0000000000004154       0x2c /Applications/STM32CubeIDE.app/Contents/Eclipse/plugins/com.st.stm32cube.ide.mcu.externaltools.gnu-tools-for-stm32.10.3-2021.10.macos64_1.0.100.202210260954/tools/bin/../lib/gcc/arm-none-eabi/10.3.1/thumb/v7e-m+fp/hard/libgcc.a(_aeabi_uldivmod.o)
 .debug_frame   0x0000000000004180       0x34 /Applications/STM32CubeIDE.app/Contents/Eclipse/plugins/com.st.stm32cube.ide.mcu.externaltools.gnu-tools-for-stm32.10.3-2021.10.macos64_1.0.100.202210260954/tools/bin/../lib/gcc/arm-none-eabi/10.3.1/thumb/v7e-m+fp/hard/libgcc.a(_udivmoddi4.o)
